ident
Expect ';' after variable declaration.
Expect ';' after variable declaration.
Expect ';' after variable declaration.
expect expression.
expect expression.
expect expression.
Expect ')' apter arguments.
Undefined variable m.
Operands must be number
